
> frontend@0.0.0 build
> tsc -b && vite build

[36mvite v6.4.3 [32mbuilding for production...[36m[39m
transforming...
[32mΓ£ô[39m 1624 modules transformed.
rendering chunks...
computing gzip size...
[2mdist/[22m[32mindex.html                 [39m[1m[2m  0.47 kB[22m[1m[22m[2m Γöé gzip:  0.30 kB[22m
[2mdist/[22m[35massets/index-DHd8szJO.css  [39m[1m[2m 27.06 kB[22m[1m[22m[2m Γöé gzip:  9.32 kB[22m
[2mdist/[22m[36massets/index-xdW_xU0v.js   [39m[1m[2m320.13 kB[22m[1m[22m[2m Γöé gzip: 97.90 kB[22m
[32mΓ£ô built in 18.37s[39m
